// Jest Snapshot v1, https://goo.gl/fbAQLP

exports[`should render ExpenseListItem correctly 1`] = `
<[object Object]
  className="list-item"
  to="/edit/1"
>
  <div
    className="list-item__color"
  >
    <div>
      <h3
        className="list-item__title"
      >
        Gum
      </h3>
      <span
        className="list-item__subtitle"
      >
        December 31st, 1969
      </span>
    </div>
    <div
      className="box-color box-color--label"
      style={
        Object {
          "backgroundColor": "ffffff",
        }
      }
    >
      Bills
    </div>
  </div>
  <h3
    className="list-item__data"
  >
    $1.95
     
  </h3>
</[object Object]>
`;
